Microchip MPLAB XC8 Compiler V2.41

Linker command line:

-W-3 \
  --edf=C:/Program Files/Microchip/MPLABX/v6.10/packs/Microchip/PIC18F-Q_DFP/1.17.379/xc8\pic\dat\20230323153512_en.msgs \
  -cn -h+dist/free/debug\pic18f47q10-curiosity-hpc-demo-code.X.debug.sym \
  --cmf=dist/free/debug\pic18f47q10-curiosity-hpc-demo-code.X.debug.cmf -z \
  -Q18F47Q10 -oC:\Users\C13199\AppData\Local\Temp\xcAsaic.\driver_tmp_3.o \
  --defsym=__MPLAB_BUILD=1 --fixupoverflow=error \
  -Mdist/free/debug/pic18f47q10-curiosity-hpc-demo-code.X.debug.map \
  --md=C:\Users\C13199\AppData\Local\Temp\xcAsaic.\driver_tmp_0.dat -E1 \
  -ver=XC8 Compiler --acfsm=1493 -ACODE=00h-01FFFFh -ACONST=00h-01FFFFh \
  -ASMALLCONST=01000h-010FFhx496 \
  -AMEDIUMCONST=01000h-0FFFFh,011000h-01FFFFh -ACOMRAM=01h-05Fh \
  -AABS1=00h-0CFFh,0E00h-0E1Eh -ABIGRAM=01h-0CFFh,0E00h-0E1Eh \
  -ARAM=060h-0FFh,0100h-01FFhx12,0E00h-0E1Eh -ABANK0=060h-0FFh \
  -ABANK1=0100h-01FFh -ABANK2=0200h-02FFh -ABANK3=0300h-03FFh \
  -ABANK4=0400h-04FFh -ABANK5=0500h-05FFh -ABANK6=0600h-06FFh \
  -ABANK7=0700h-07FFh -ABANK8=0800h-08FFh -ABANK9=0900h-09FFh \
  -ABANK10=0A00h-0AFFh -ABANK11=0B00h-0BFFh -ABANK12=0C00h-0CFFh \
  -ABANK14=0E00h-0E1Eh \
  -ASFR=0D00h-0DFFh,0E1Fh-0EFFh,0F00h-0F5Fh,0F60h-0FFFh \
  -ABIGSFR=0D00h-0DFFh,0E1Fh-0FFFh -ACONFIG=0300000h-030000Bh \
  -AIDLOC=0200000h-02000FFh -AEEDATA=0310000h-03103FFh -peeprom_data=EEDATA \
  -preset_vec=00h,intcode=08h,intcodelo,powerup,init -pramtop=01000h \
  -psmallconst=SMALLCONST -pmediumconst=MEDIUMCONST -pconst=CONST \
  -AFARRAM=00h-00h \
  -prdata=COMRAM,nvrram=COMRAM,nvbit=COMRAM,rbss=COMRAM,rbit=COMRAM \
  -pfarbss=FARRAM,fardata=FARRAM,nvFARRAM=FARRAM \
  -pintsave_regs=BIGRAM,bigbss=BIGRAM,bigdata=BIGRAM -pbss=RAM \
  -pidata=CODE,irdata=CODE,ibigdata=CODE,ifardata=CODE -prparam=COMRAM \
  C:\Users\C13199\AppData\Local\Temp\xcAsaic.\driver_tmp_14.o \
  dist/free/debug\pic18f47q10-curiosity-hpc-demo-code.X.debug.o 

Object code version is 3.11

Machine type is 18F47Q10



                Name                               Link     Load   Length Selector   Space Scale
C:\Users\C13199\AppData\Local\Temp\xcAsaic.\driver_tmp_14.o
                idloc                            200000   200000      100        0       5
                config                           300000   300000        C        0       4
                init                                 76       76        4        4       0
                reset_vec                             0        0        4        0       0
dist/free/debug\pic18f47q10-curiosity-hpc-demo-code.X.debug.o
                intcode                               8        8       6E        4       0
                idloc                            200000   200000      100        0       5
                config                           300000   300000        C        0       4
                temp                                 5E       5E        1        1       1
                smallconst                         1000     1000       92      800       0
                text65                             2282     2282        2      849       0
                text64                             2280     2280        2      849       0
                text63                             212E     212E       20      849       0
                text62                             227E     227E        2      849       0
                text61                             227C     227C        2      849       0
                text60                             1F36     1F36       36      849       0
                text58                             1FA0     1FA0       30      849       0
                text57                             150A     150A       C4      849       0
                text56                             1744     1744       B0      849       0
                text55                             1EF6     1EF6       40      849       0
                text54                             227A     227A        2      849       0
                text53                             1440     1440       CA      849       0
                text52                             1E32     1E32       44      849       0
                text51                             1ABE     1ABE       7A      849       0
                text50                             1092     1092      194      849       0
                text49                             1226     1226      134      849       0
                text48                             1D00     1D00       52      849       0
                text47                             20A2     20A2       26      849       0
                text46                             19AC     19AC       8A      849       0
                text45                             21D0     21D0       16      849       0
                text44                             207A     207A       28      849       0
                text43                             2248     2248        E      849       0
                text42                             2276     2276        4      849       0
                text41                             2272     2272        4      849       0
                text40                             17F4     17F4       9C      849       0
                text39                             1FFC     1FFC       2C      849       0
                text38                             1DA0     1DA0       4C      849       0
                text37                             2256     2256        A      849       0
                text36                             1890     1890       90      849       0
                text35                             1EB6     1EB6       40      849       0
                text34                             223A     223A        E      849       0
                text33                             1CAC     1CAC       54      849       0
                text32                             1F6C     1F6C       34      849       0
                text31                             2186     2186       1C      849       0
                text30                             216A     216A       1C      849       0
                text29                             226E     226E        4      849       0
                text28                             226A     226A        4      849       0
                text27                             1920     1920       8C      849       0
                text26                             1B38     1B38       72      849       0
                text25                             1C02     1C02       56      849       0
                text24                             21A2     21A2       18      849       0
                text23                             210C     210C       22      849       0
                text22                             20EA     20EA       22      849       0
                text21                             1E76     1E76       40      849       0
                text20                             222C     222C        E      849       0
                text19                             221E     221E        E      849       0
                text18                             2210     2210        E      849       0
                text17                             1DEC     1DEC       46      849       0
                text16                             2266     2266        4      849       0
                text15                             2260     2260        6      849       0
                text14                             15CE     15CE       BE      849       0
                text13                             21BA     21BA       16      849       0
                text12                             2052     2052       28      849       0
                text11                             2202     2202        E      849       0
                text10                             21F4     21F4        E      849       0
                text9                              1BAA     1BAA       58      849       0
                text8                              21E6     21E6        E      849       0
                text7                              1FD0     1FD0       2C      849       0
                text6                              2028     2028       2A      849       0
                text5                              1C58     1C58       54      849       0
                text4                              1A36     1A36       88      849       0
                text3                              168C     168C       B8      849       0
                text2                              1D52     1D52       4E      849       0
                text1                              214E     214E       1C      849       0
                text0                              135A     135A       E6      849       0
                cstackCOMRAM                          1        1       4B        1       1
                bssBANK0                             60       60       46       60       1
                bssCOMRAM                            4C       4C       12        1       1
                cinit                              20C8     20C8       22      849       0

TOTAL           Name                               Link     Load   Length     Space
        CLASS   CODE           
                intcode                               8        8       6E         0
                init                                 76       76        4         0
                reset_vec                             0        0        4         0
                text65                             2282     2282        2         0
                text64                             2280     2280        2         0
                text63                             212E     212E       20         0
                text62                             227E     227E        2         0
                text61                             227C     227C        2         0
                text60                             1F36     1F36       36         0
                text58                             1FA0     1FA0       30         0
                text57                             150A     150A       C4         0
                text56                             1744     1744       B0         0
                text55                             1EF6     1EF6       40         0
                text54                             227A     227A        2         0
                text53                             1440     1440       CA         0
                text52                             1E32     1E32       44         0
                text51                             1ABE     1ABE       7A         0
                text50                             1092     1092      194         0
                text49                             1226     1226      134         0
                text48                             1D00     1D00       52         0
                text47                             20A2     20A2       26         0
                text46                             19AC     19AC       8A         0
                text45                             21D0     21D0       16         0
                text44                             207A     207A       28         0
                text43                             2248     2248        E         0
                text42                             2276     2276        4         0
                text41                             2272     2272        4         0
                text40                             17F4     17F4       9C         0
                text39                             1FFC     1FFC       2C         0
                text38                             1DA0     1DA0       4C         0
                text37                             2256     2256        A         0
                text36                             1890     1890       90         0
                text35                             1EB6     1EB6       40         0
                text34                             223A     223A        E         0
                text33                             1CAC     1CAC       54         0
                text32                             1F6C     1F6C       34         0
                text31                             2186     2186       1C         0
                text30                             216A     216A       1C         0
                text29                             226E     226E        4         0
                text28                             226A     226A        4         0
                text27                             1920     1920       8C         0
                text26                             1B38     1B38       72         0
                text25                             1C02     1C02       56         0
                text24                             21A2     21A2       18         0
                text23                             210C     210C       22         0
                text22                             20EA     20EA       22         0
                text21                             1E76     1E76       40         0
                text20                             222C     222C        E         0
                text19                             221E     221E        E         0
                text18                             2210     2210        E         0
                text17                             1DEC     1DEC       46         0
                text16                             2266     2266        4         0
                text15                             2260     2260        6         0
                text14                             15CE     15CE       BE         0
                text13                             21BA     21BA       16         0
                text12                             2052     2052       28         0
                text11                             2202     2202        E         0
                text10                             21F4     21F4        E         0
                text9                              1BAA     1BAA       58         0
                text8                              21E6     21E6        E         0
                text7                              1FD0     1FD0       2C         0
                text6                              2028     2028       2A         0
                text5                              1C58     1C58       54         0
                text4                              1A36     1A36       88         0
                text3                              168C     168C       B8         0
                text2                              1D52     1D52       4E         0
                text1                              214E     214E       1C         0
                text0                              135A     135A       E6         0
                cinit                              20C8     20C8       22         0

        CLASS   CONST          

        CLASS   SMALLCONST     
                smallconst                         1000     1000       92         0

        CLASS   MEDIUMCONST    

        CLASS   COMRAM         
                temp                                 5E       5E        1         1
                cstackCOMRAM                          1        1       4B         1
                bssCOMRAM                            4C       4C       12         1

        CLASS   ABS1           

        CLASS   BIGRAM         

        CLASS   RAM            

        CLASS   BANK0          
                bssBANK0                             60       60       46         1

        CLASS   BANK1          

        CLASS   BANK2          

        CLASS   BANK3          

        CLASS   BANK4          

        CLASS   BANK5          

        CLASS   BANK6          

        CLASS   BANK7          

        CLASS   BANK8          

        CLASS   BANK9          

        CLASS   BANK10         

        CLASS   BANK11         

        CLASS   BANK12         

        CLASS   BANK14         

        CLASS   SFR            

        CLASS   BIGSFR         

        CLASS   CONFIG         
                config                           300000   300000        C         4

        CLASS   IDLOC          
                idloc                            200000   200000      100         5

        CLASS   EEDATA         

        CLASS   FARRAM         

        CLASS   HEAP           

        CLASS   STACK          



SEGMENTS        Name                           Load    Length   Top    Selector   Space  Class

                reset_vec                      000000  000004  000004         0       0  CODE    
                cstackCOMRAM                   000001  00005E  00005F         1       1  COMRAM  
                intcode                        000008  000072  00007A         4       0  CODE    
                bssBANK0                       000060  000046  0000A6        60       1  BANK0   
                smallconst                     001000  000092  001092       800       0  SMALLCON
                text50                         001092  0011F2  002284       849       0  CODE    


UNUSED ADDRESS RANGES

        Name                Unused          Largest block    Delta
        BANK0            0000A6-0000FF               5A
        BANK1            000100-0001FF              100
        BANK10           000A00-000AFF              100
        BANK11           000B00-000BFF              100
        BANK12           000C00-000CFF              100
        BANK14           000E00-000E1E               1F
        BANK2            000200-0002FF              100
        BANK3            000300-0003FF              100
        BANK4            000400-0004FF              100
        BANK5            000500-0005FF              100
        BANK6            000600-0006FF              100
        BANK7            000700-0007FF              100
        BANK8            000800-0008FF              100
        BANK9            000900-0009FF              100
        BIGRAM           00005F-00005F                1
                         0000A6-000CFF              C5A
                         000E00-000E1E               1F
        BIGSFR           000D00-000DFF              100
                         000E1F-000FFF              1E1
        CODE             000004-000007                4
                         00007A-000FFF              F86
                         002284-01FFFF            1DD7C
        COMRAM           00005F-00005F                1
        CONST            000004-000007                4
                         00007A-000FFF              F86
                         002284-01FFFF            1DD7C
        EEDATA           310000-3103FF              400
        MEDIUMCONST      002284-00FFFF             DD7C
                         011000-01FFFF             F000
        RAM              0000A6-000CFF              100
                         000E00-000E1E               1F
        SFR              000D00-000DFF              100
                         000E1F-000FFF               E1
        SMALLCONST       002284-01FFFF              100

                                  Symbol Table

?_ADCC_GetSingleConversion                           cstackCOMRAM 000003
?___awdiv                                            cstackCOMRAM 000003
?___awmod                                            cstackCOMRAM 000003
?_abs                                                cstackCOMRAM 000009
?_printf                                             cstackCOMRAM 000041
?_vfprintf                                           cstackCOMRAM 000039
ADCC_GetSingleConversion@channel                     cstackCOMRAM 000007
EEPROM_Read@address                                  cstackCOMRAM 000003
EEPROM_Write@address                                 cstackCOMRAM 000003
EEPROM_Write@data                                    cstackCOMRAM 000006
EEPROM_Write@globalInterruptBitValue                 cstackCOMRAM 00000A
EUSART1_FramingErrorCallbackRegister@callbackHandler cstackCOMRAM 000003
EUSART1_OverrunErrorCallbackRegister@callbackHandler cstackCOMRAM 000003
INT0_SetInterruptHandler@InterruptHandler            cstackCOMRAM 000003
INT1_SetInterruptHandler@InterruptHandler            cstackCOMRAM 000003
INT2_SetInterruptHandler@InterruptHandler            cstackCOMRAM 000003
NVM_UnlockKeySet@unlockKey                           cstackCOMRAM 000003
PWM3_LoadDutyValue@dutyValue                         cstackCOMRAM 000003
TMR0_OverflowCallbackRegister@CallbackHandler        cstackCOMRAM 000003
TMR1_GateCallbackRegister@CallbackHandler            cstackCOMRAM 000003
TMR1_OverflowCallbackRegister@CallbackHandler        cstackCOMRAM 000003
TMR1_Write@timerVal                                  cstackCOMRAM 000003
TMR2_OverflowCallbackRegister@InterruptHandler       cstackCOMRAM 000003
_ADACCH                                              (abs)        000F6C
_ADACCL                                              (abs)        000F6B
_ADACQ                                               (abs)        000F57
_ADACT                                               (abs)        000F51
_ADC                                                 text46       0019AC
_ADCAP                                               (abs)        000F58
_ADCC_GetSingleConversion                            text58       001FA0
_ADCC_Initialize                                     text25       001C02
_ADCLK                                               (abs)        000F52
_ADCNT                                               (abs)        000F62
_ADCON0                                              (abs)        000F5B
_ADCON0bits                                          (abs)        000F5B
_ADCON1                                              (abs)        000F54
_ADCON1bits                                          (abs)        000F54
_ADCON2                                              (abs)        000F55
_ADCON2bits                                          (abs)        000F55
_ADCON3                                              (abs)        000F56
_ADCON3bits                                          (abs)        000F56
_ADERRH                                              (abs)        000F6A
_ADERRL                                              (abs)        000F69
_ADFLTRH                                             (abs)        000F6E
_ADFLTRL                                             (abs)        000F6D
_ADLTHH                                              (abs)        000F66
_ADLTHL                                              (abs)        000F65
_ADPCH                                               (abs)        000F5A
_ADPRE                                               (abs)        000F59
_ADPREVH                                             (abs)        000F5D
_ADPREVL                                             (abs)        000F5C
_ADREF                                               (abs)        000F53
_ADRES                                               (abs)        000F5E
_ADRESH                                              (abs)        000F5F
_ADRESL                                              (abs)        000F5E
_ADRPT                                               (abs)        000F61
_ADSTAT                                              (abs)        000F60
_ADSTATbits                                          (abs)        000F60
_ADSTPTH                                             (abs)        000F64
_ADSTPTL                                             (abs)        000F63
_ADUTHH                                              (abs)        000F68
_ADUTHL                                              (abs)        000F67
_ANSELA                                              (abs)        000F0C
_ANSELB                                              (abs)        000F14
_ANSELC                                              (abs)        000F1C
_ANSELD                                              (abs)        000F21
_ANSELE                                              (abs)        000F29
_BAUD1CON                                            (abs)        000F9E
_BAUD1CONbits                                        (abs)        000F9E
_Blink                                               text40       0017F4
_CCPTMRSbits                                         (abs)        000FAD
_CLOCK_Initialize                                    text24       0021A2
_EEPROM                                              text36       001890
_EEPROM_Read                                         text39       001FFC
_EEPROM_Write                                        text38       001DA0
_EUSART1                                             smallconst   001001
_EUSART1_AutoBaudQuery                               (abs)        000000
_EUSART1_AutoBaudSet                                 (abs)        000000
_EUSART1_DefaultFramingErrorCallback                 (abs)        000000
_EUSART1_DefaultOverrunErrorCallback                 (abs)        000000
_EUSART1_Deinitialize                                (abs)        000000
_EUSART1_ErrorGet                                    (abs)        000000
_EUSART1_FramingErrorCallbackRegister                text23       00210C
_EUSART1_FramingErrorHandler                         bssBANK0     000063
_EUSART1_Initialize                                  text21       001E76
_EUSART1_IsRxReady                                   (abs)        000000
_EUSART1_IsTxDone                                    (abs)        000000
_EUSART1_IsTxReady                                   (abs)        000000
_EUSART1_OverrunErrorCallbackRegister                text22       0020EA
_EUSART1_OverrunErrorHandler                         bssBANK0     000060
_EUSART1_Read                                        (abs)        000000
_EUSART1_TransmitDisable                             (abs)        000000
_EUSART1_TransmitEnable                              (abs)        000000
_EUSART1_Write                                       (abs)        000000
_HelloWorld                                          text35       001EB6
_INLVLA                                              (abs)        000F08
_INLVLB                                              (abs)        000F10
_INLVLC                                              (abs)        000F18
_INLVLD                                              (abs)        000F1D
_INLVLE                                              (abs)        000F25
_INT0_DefaultInterruptHandler                        (abs)        000000
_INT0_InterruptHandler                               bssBANK0     00007B
_INT0_SetInterruptHandler                            text20       00222C
_INT1_DefaultInterruptHandler                        (abs)        000000
_INT1_InterruptHandler                               bssBANK0     000078
_INT1_SetInterruptHandler                            text19       00221E
_INT2_DefaultInterruptHandler                        (abs)        000000
_INT2_InterruptHandler                               bssBANK0     000075
_INT2_SetInterruptHandler                            text18       002210
_INTCONbits                                          (abs)        000FF2
_INTERRUPT_Initialize                                text17       001DEC
_INTERRUPT_InterruptManager                          intcode      000008
_IOCAF                                               (abs)        000F05
_IOCAN                                               (abs)        000F06
_IOCAP                                               (abs)        000F07
_IOCBF                                               (abs)        000F0D
_IOCBN                                               (abs)        000F0E
_IOCBP                                               (abs)        000F0F
_IOCCF                                               (abs)        000F15
_IOCCN                                               (abs)        000F16
_IOCCP                                               (abs)        000F17
_IOCEF                                               (abs)        000F22
_IOCEN                                               (abs)        000F23
_IOCEP                                               (abs)        000F24
_Interrupt                                           text33       001CAC
_LAB_ISR                                             text63       00212E
_LATA                                                (abs)        000F82
_LATAbits                                            (abs)        000F82
_LATB                                                (abs)        000F83
_LATC                                                (abs)        000F84
_LATD                                                (abs)        000F85
_LATE                                                (abs)        000F86
_NVMADRH                                             (abs)        000F7A
_NVMADRL                                             (abs)        000F79
_NVMADRU                                             (abs)        000F7B
_NVMCON0bits                                         (abs)        000F7F
_NVMCON1bits                                         (abs)        000F80
_NVMCON2                                             (abs)        000F81
_NVMDATH                                             (abs)        000F7D
_NVMDATL                                             (abs)        000F7C
_NVM_Initialize                                      text15       002260
_NVM_StatusClear                                     text16       002266
_NVM_UnlockKeySet                                    text37       002256
_ODCONA                                              (abs)        000F0A
_ODCONB                                              (abs)        000F12
_ODCONC                                              (abs)        000F1A
_ODCOND                                              (abs)        000F1F
_ODCONE                                              (abs)        000F27
_OSCCON1                                             (abs)        000ED3
_OSCCON3                                             (abs)        000ED5
_OSCEN                                               (abs)        000ED7
_OSCFRQ                                              (abs)        000ED9
_OSCTUNE                                             (abs)        000ED8
_PIE0bits                                            (abs)        000EBD
_PIN_MANAGER_IOC                                     text65       002282
_PIN_MANAGER_Initialize                              text14       0015CE
_PIR0bits                                            (abs)        000EC5
_PIR1bits                                            (abs)        000EC6
_PIR3bits                                            (abs)        000EC8
_PIR4bits                                            (abs)        000EC9
_PIR5bits                                            (abs)        000ECA
_PORTBbits                                           (abs)        000F8D
_PPSLOCK                                             (abs)        000E9B
_PPSLOCKbits                                         (abs)        000E9B
_PR2                                                 (abs)        000FBB
_PWM                                                 text27       001920
_PWM3CON                                             (abs)        000FA4
_PWM3DCH                                             (abs)        000FA3
_PWM3DCL                                             (abs)        000FA2
_PWM3_Initialize                                     text13       0021BA
_PWM3_LoadDutyValue                                  text32       001F6C
_PWM_Output_D5_Disable                               text31       002186
_PWM_Output_D5_Enable                                text30       00216A
_RA5PPS                                              (abs)        000EE7
_RA6PPS                                              (abs)        000EE8
_RA7PPS                                              (abs)        000EE9
_RC1REG                                              (abs)        000F98
_RC1STA                                              (abs)        000F9C
_RC1STAbits                                          (abs)        000F9C
_RC6PPS                                              (abs)        000EF8
_RX1PPS                                              (abs)        000EB0
_Rotate                                              text26       001B38
_SLRCONA                                             (abs)        000F09
_SLRCONB                                             (abs)        000F11
_SLRCONC                                             (abs)        000F19
_SLRCOND                                             (abs)        000F1E
_SLRCONE                                             (abs)        000F26
_SP1BRGH                                             (abs)        000F9B
_SP1BRGL                                             (abs)        000F9A
_SYSTEM_Initialize                                   text6        002028
_SleepWakeUp                                         text5        001C58
_T0CON0                                              (abs)        000FD4
_T0CON0bits                                          (abs)        000FD4
_T0CON1                                              (abs)        000FD5
_T1CLK                                               (abs)        000FD1
_T1CON                                               (abs)        000FCE
_T1CONbits                                           (abs)        000FCE
_T1GATE                                              (abs)        000FD0
_T1GCON                                              (abs)        000FCF
_T1GCONbits                                          (abs)        000FCF
_T2CLKCON                                            (abs)        000FBE
_T2CON                                               (abs)        000FBC
_T2CONbits                                           (abs)        000FBC
_T2HLT                                               (abs)        000FBD
_T2HLTbits                                           (abs)        000FBD
_T2PR                                                (abs)        000FBB
_T2RST                                               (abs)        000FBF
_T2RSTbits                                           (abs)        000FBF
_T2TMR                                               (abs)        000FBA
_TABLAT                                              (abs)        000FF5
_TBLPTRH                                             (abs)        000FF7
_TBLPTRL                                             (abs)        000FF6
_TBLPTRU                                             (abs)        000FF8
_TMR0H                                               (abs)        000FD3
_TMR0IE                                              (abs)        0075ED
_TMR0L                                               (abs)        000FD2
_TMR0_DefaultOverflowCallback                        text61       00227C
_TMR0_Initialize                                     text12       002052
_TMR0_OverflowCallback                               bssBANK0     000066
_TMR0_OverflowCallbackRegister                       text34       00223A
_TMR0_OverflowISR                                    text60       001F36
_TMR0_Reload                                         (abs)        000000
_TMR0_Start                                          (abs)        000000
_TMR0_Stop                                           (abs)        000000
_TMR1H                                               (abs)        000FCD
_TMR1IF                                              (abs)        007648
_TMR1L                                               (abs)        000FCC
_TMR1_DefaultGateCallback                            (abs)        000000
_TMR1_DefaultOverflowCallback                        text62       00227E
_TMR1_GateCallback                                   bssBANK0     00006C
_TMR1_GateCallbackRegister                           text11       002202
_TMR1_HasOverflowOccured                             text45       0021D0
_TMR1_Initialize                                     text9        001BAA
_TMR1_InterruptHandler                               bssBANK0     000072
_TMR1_OverflowCallback                               bssBANK0     00006F
_TMR1_OverflowCallbackRegister                       text10       0021F4
_TMR1_Reload                                         text43       002248
_TMR1_Start                                          text42       002276
_TMR1_Stop                                           text41       002272
_TMR1_Tasks                                          (abs)        000000
_TMR1_Write                                          text44       00207A
_TMR2                                                (abs)        000FBA
_TMR2_DefaultOverflowCallback                        text64       002280
_TMR2_Initialize                                     text7        001FD0
_TMR2_OverflowCallback                               bssBANK0     000069
_TMR2_OverflowCallbackRegister                       text8        0021E6
_TMR2_PeriodCountSet                                 (abs)        000000
_TMR2_Start                                          text29       00226E
_TMR2_Stop                                           text28       00226A
_TMR2_Tasks                                          (abs)        000000
_TRISA                                               (abs)        000F87
_TRISB                                               (abs)        000F88
_TRISC                                               (abs)        000F89
_TRISD                                               (abs)        000F8A
_TRISE                                               (abs)        000F8B
_TX1REG                                              (abs)        000F99
_TX1STA                                              (abs)        000F9D
_TX1STAbits                                          (abs)        000F9D
_Timers                                              text4        001A36
_VSR                                                 text3        00168C
_WDTCON0bits                                         (abs)        000ECD
_WPUA                                                (abs)        000F0B
_WPUB                                                (abs)        000F13
_WPUC                                                (abs)        000F1B
_WPUD                                                (abs)        000F20
_WPUE                                                (abs)        000F28
__HRAM                                               (abs)        000000
__H__absolute__                                      __absolute__ 000000
__Habs1                                              abs1         000000
__Hbank0                                             bank0        000000
__Hbank1                                             bank1        000000
__Hbank10                                            bank10       000000
__Hbank11                                            bank11       000000
__Hbank12                                            bank12       000000
__Hbank14                                            bank14       000000
__Hbank2                                             bank2        000000
__Hbank3                                             bank3        000000
__Hbank4                                             bank4        000000
__Hbank5                                             bank5        000000
__Hbank6                                             bank6        000000
__Hbank7                                             bank7        000000
__Hbank8                                             bank8        000000
__Hbank9                                             bank9        000000
__Hbigbss                                            bigbss       000000
__Hbigdata                                           bigdata      000000
__Hbigram                                            bigram       000000
__Hbigsfr                                            bigsfr       000000
__Hbss                                               bss          000000
__HbssBANK0                                          bssBANK0     000000
__HbssCOMRAM                                         bssCOMRAM    000000
__Hcinit                                             cinit        000000
__Hclrtext                                           clrtext      000000
__Hcomram                                            comram       000000
__Hconfig                                            config       30000C
__Hconst                                             const        000000
__HcstackCOMRAM                                      cstackCOMRAM 000000
__Hdata                                              data         000000
__Heeprom_data                                       eeprom_data  000000
__Hfarbss                                            farbss       000000
__Hfardata                                           fardata      000000
__Hheap                                              heap         000000
__Hibigdata                                          ibigdata     000000
__Hidata                                             idata        000000
__Hidloc                                             idloc        200100
__Hifardata                                          ifardata     000000
__Hinit                                              init         00007A
__Hintcode                                           intcode      000076
__Hintcode_body                                      intcode_body 000000
__Hintcodelo                                         intcodelo    000076
__Hintentry                                          intentry     000000
__Hintret                                            intret       000000
__Hintsave_regs                                      intsave_regs 000000
__Hirdata                                            irdata       000000
__Hmediumconst                                       mediumconst  000000
__HnvFARRAM                                          nvFARRAM     000000
__Hnvbit                                             nvbit        000000
__Hnvrram                                            nvrram       000000
__Hparam                                             rparam       000000
__Hpowerup                                           powerup      000076
__Hram                                               ram          000000
__Hramtop                                            ramtop       001000
__Hrbit                                              rbit         000000
__Hrbss                                              rbss         000000
__Hrdata                                             rdata        000000
__Hreset_vec                                         reset_vec    000004
__Hrparam                                            rparam       000000
__Hsfr                                               sfr          000000
__Hsmallconst                                        smallconst   001092
__Hspace_0                                           (abs)        002284
__Hspace_1                                           (abs)        0000A6
__Hspace_2                                           (abs)        000000
__Hspace_4                                           (abs)        60000C
__Hstack                                             stack        000000
__Hstruct                                            struct       000000
__Htemp                                              temp         00005F
__Htext                                              text         000000
__Htext0                                             text0        000000
__Htext1                                             text1        000000
__Htext10                                            text10       000000
__Htext11                                            text11       000000
__Htext12                                            text12       000000
__Htext13                                            text13       000000
__Htext14                                            text14       000000
__Htext15                                            text15       000000
__Htext16                                            text16       000000
__Htext17                                            text17       000000
__Htext18                                            text18       000000
__Htext19                                            text19       000000
__Htext2                                             text2        000000
__Htext20                                            text20       000000
__Htext21                                            text21       000000
__Htext22                                            text22       000000
__Htext23                                            text23       000000
__Htext24                                            text24       000000
__Htext25                                            text25       000000
__Htext26                                            text26       000000
__Htext27                                            text27       000000
__Htext28                                            text28       000000
__Htext29                                            text29       000000
__Htext3                                             text3        000000
__Htext30                                            text30       000000
__Htext31                                            text31       000000
__Htext32                                            text32       000000
__Htext33                                            text33       000000
__Htext34                                            text34       000000
__Htext35                                            text35       000000
__Htext36                                            text36       000000
__Htext37                                            text37       000000
__Htext38                                            text38       000000
__Htext39                                            text39       000000
__Htext4                                             text4        000000
__Htext40                                            text40       000000
__Htext41                                            text41       000000
__Htext42                                            text42       000000
__Htext43                                            text43       000000
__Htext44                                            text44       000000
__Htext45                                            text45       000000
__Htext46                                            text46       000000
__Htext47                                            text47       000000
__Htext48                                            text48       000000
__Htext49                                            text49       000000
__Htext5                                             text5        000000
__Htext50                                            text50       000000
__Htext51                                            text51       000000
__Htext52                                            text52       000000
__Htext53                                            text53       000000
__Htext54                                            text54       000000
__Htext55                                            text55       000000
__Htext56                                            text56       000000
__Htext57                                            text57       000000
__Htext58                                            text58       000000
__Htext6                                             text6        000000
__Htext60                                            text60       000000
__Htext61                                            text61       000000
__Htext62                                            text62       000000
__Htext63                                            text63       000000
__Htext64                                            text64       000000
__Htext65                                            text65       000000
__Htext66                                            text66       000000
__Htext7                                             text7        000000
__Htext8                                             text8        000000
__Htext9                                             text9        000000
__LRAM                                               (abs)        000001
__L__absolute__                                      __absolute__ 000000
__Labs1                                              abs1         000000
__Lbank0                                             bank0        000000
__Lbank1                                             bank1        000000
__Lbank10                                            bank10       000000
__Lbank11                                            bank11       000000
__Lbank12                                            bank12       000000
__Lbank14                                            bank14       000000
__Lbank2                                             bank2        000000
__Lbank3                                             bank3        000000
__Lbank4                                             bank4        000000
__Lbank5                                             bank5        000000
__Lbank6                                             bank6        000000
__Lbank7                                             bank7        000000
__Lbank8                                             bank8        000000
__Lbank9                                             bank9        000000
__Lbigbss                                            bigbss       000000
__Lbigdata                                           bigdata      000000
__Lbigram                                            bigram       000000
__Lbigsfr                                            bigsfr       000000
__Lbss                                               bss          000000
__LbssBANK0                                          bssBANK0     000000
__LbssCOMRAM                                         bssCOMRAM    000000
__Lcinit                                             cinit        000000
__Lclrtext                                           clrtext      000000
__Lcomram                                            comram       000000
__Lconfig                                            config       000000
__Lconst                                             const        000000
__LcstackCOMRAM                                      cstackCOMRAM 000000
__Ldata                                              data         000000
__Leeprom_data                                       eeprom_data  000000
__Lfarbss                                            farbss       000000
__Lfardata                                           fardata      000000
__Lheap                                              heap         000000
__Libigdata                                          ibigdata     000000
__Lidata                                             idata        000000
__Lidloc                                             idloc        000000
__Lifardata                                          ifardata     000000
__Linit                                              init         000076
__Lintcode                                           intcode      000008
__Lintcode_body                                      intcode_body 000000
__Lintcodelo                                         intcodelo    000076
__Lintentry                                          intentry     000000
__Lintret                                            intret       000000
__Lintsave_regs                                      intsave_regs 000000
__Lirdata                                            irdata       000000
__Lmediumconst                                       mediumconst  000000
__LnvFARRAM                                          nvFARRAM     000000
__Lnvbit                                             nvbit        000000
__Lnvrram                                            nvrram       000000
__Lparam                                             rparam       000000
__Lpowerup                                           powerup      000076
__Lram                                               ram          000000
__Lramtop                                            ramtop       001000
__Lrbit                                              rbit         000000
__Lrbss                                              rbss         000000
__Lrdata                                             rdata        000000
__Lreset_vec                                         reset_vec    000000
__Lrparam                                            rparam       000000
__Lsfr                                               sfr          000000
__Lsmallconst                                        smallconst   001000
__Lspace_0                                           (abs)        000000
__Lspace_1                                           (abs)        000000
__Lspace_2                                           (abs)        000000
__Lspace_4                                           (abs)        000000
__Lstack                                             stack        000000
__Lstruct                                            struct       000000
__Ltemp                                              temp         00005E
__Ltext                                              text         000000
__Ltext0                                             text0        000000
__Ltext1                                             text1        000000
__Ltext10                                            text10       000000
__Ltext11                                            text11       000000
__Ltext12                                            text12       000000
__Ltext13                                            text13       000000
__Ltext14                                            text14       000000
__Ltext15                                            text15       000000
__Ltext16                                            text16       000000
__Ltext17                                            text17       000000
__Ltext18                                            text18       000000
__Ltext19                                            text19       000000
__Ltext2                                             text2        000000
__Ltext20                                            text20       000000
__Ltext21                                            text21       000000
__Ltext22                                            text22       000000
__Ltext23                                            text23       000000
__Ltext24                                            text24       000000
__Ltext25                                            text25       000000
__Ltext26                                            text26       000000
__Ltext27                                            text27       000000
__Ltext28                                            text28       000000
__Ltext29                                            text29       000000
__Ltext3                                             text3        000000
__Ltext30                                            text30       000000
__Ltext31                                            text31       000000
__Ltext32                                            text32       000000
__Ltext33                                            text33       000000
__Ltext34                                            text34       000000
__Ltext35                                            text35       000000
__Ltext36                                            text36       000000
__Ltext37                                            text37       000000
__Ltext38                                            text38       000000
__Ltext39                                            text39       000000
__Ltext4                                             text4        000000
__Ltext40                                            text40       000000
__Ltext41                                            text41       000000
__Ltext42                                            text42       000000
__Ltext43                                            text43       000000
__Ltext44                                            text44       000000
__Ltext45                                            text45       000000
__Ltext46                                            text46       000000
__Ltext47                                            text47       000000
__Ltext48                                            text48       000000
__Ltext49                                            text49       000000
__Ltext5                                             text5        000000
__Ltext50                                            text50       000000
__Ltext51                                            text51       000000
__Ltext52                                            text52       000000
__Ltext53                                            text53       000000
__Ltext54                                            text54       000000
__Ltext55                                            text55       000000
__Ltext56                                            text56       000000
__Ltext57                                            text57       000000
__Ltext58                                            text58       000000
__Ltext6                                             text6        000000
__Ltext60                                            text60       000000
__Ltext61                                            text61       000000
__Ltext62                                            text62       000000
__Ltext63                                            text63       000000
__Ltext64                                            text64       000000
__Ltext65                                            text65       000000
__Ltext66                                            text66       000000
__Ltext7                                             text7        000000
__Ltext8                                             text8        000000
__Ltext9                                             text9        000000
__S0                                                 (abs)        002284
__S1                                                 (abs)        0000A6
__S4                                                 (abs)        000000
__S5                                                 (abs)        000000
___awdiv                                             text57       00150A
___awdiv@counter                                     cstackCOMRAM 000007
___awdiv@dividend                                    cstackCOMRAM 000003
___awdiv@divisor                                     cstackCOMRAM 000005
___awdiv@quotient                                    cstackCOMRAM 000009
___awdiv@sign                                        cstackCOMRAM 000008
___awmod                                             text56       001744
___awmod@counter                                     cstackCOMRAM 000007
___awmod@dividend                                    cstackCOMRAM 000003
___awmod@divisor                                     cstackCOMRAM 000005
___awmod@sign                                        cstackCOMRAM 000008
___heap_hi                                           (abs)        000000
___heap_lo                                           (abs)        000000
___inthi_sp                                          stack        000000
___intlo_sp                                          stack        000000
___param_bank                                        (abs)        000000
___rparam_used                                       (abs)        000001
___sp                                                stack        000000
__accesstop                                          (abs)        000060
__activetblptr                                       (abs)        000003
__end_of_ADC                                         text46       001A36
__end_of_ADCC_GetSingleConversion                    text58       001FD0
__end_of_ADCC_Initialize                             text25       001C58
__end_of_Blink                                       text40       001890
__end_of_CLOCK_Initialize                            text24       0021BA
__end_of_EEPROM                                      text36       001920
__end_of_EEPROM_Read                                 text39       002028
__end_of_EEPROM_Write                                text38       001DEC
__end_of_EUSART1                                     smallconst   001049
__end_of_EUSART1_FramingErrorCallbackRegister        text23       00212E
__end_of_EUSART1_Initialize                          text21       001EB6
__end_of_EUSART1_OverrunErrorCallbackRegister        text22       00210C
__end_of_HelloWorld                                  text35       001EF6
__end_of_INT0_SetInterruptHandler                    text20       00223A
__end_of_INT1_SetInterruptHandler                    text19       00222C
__end_of_INT2_SetInterruptHandler                    text18       00221E
__end_of_INTERRUPT_Initialize                        text17       001E32
__end_of_INTERRUPT_InterruptManager                  intcode      000076
__end_of_Interrupt                                   text33       001D00
__end_of_LAB_ISR                                     text63       00214E
__end_of_NVM_Initialize                              text15       002266
__end_of_NVM_StatusClear                             text16       00226A
__end_of_NVM_UnlockKeySet                            text37       002260
__end_of_PIN_MANAGER_IOC                             text65       002284
__end_of_PIN_MANAGER_Initialize                      text14       00168C
__end_of_PWM                                         text27       0019AC
__end_of_PWM3_Initialize                             text13       0021D0
__end_of_PWM3_LoadDutyValue                          text32       001FA0
__end_of_PWM_Output_D5_Disable                       text31       0021A2
__end_of_PWM_Output_D5_Enable                        text30       002186
__end_of_Rotate                                      text26       001BAA
__end_of_SYSTEM_Initialize                           text6        002052
__end_of_SleepWakeUp                                 text5        001CAC
__end_of_TMR0_DefaultOverflowCallback                text61       00227E
__end_of_TMR0_Initialize                             text12       00207A
__end_of_TMR0_OverflowCallbackRegister               text34       002248
__end_of_TMR0_OverflowISR                            text60       001F6C
__end_of_TMR1_DefaultOverflowCallback                text62       002280
__end_of_TMR1_GateCallbackRegister                   text11       002210
__end_of_TMR1_HasOverflowOccured                     text45       0021E6
__end_of_TMR1_Initialize                             text9        001C02
__end_of_TMR1_OverflowCallbackRegister               text10       002202
__end_of_TMR1_Reload                                 text43       002256
__end_of_TMR1_Start                                  text42       00227A
__end_of_TMR1_Stop                                   text41       002276
__end_of_TMR1_Write                                  text44       0020A2
__end_of_TMR2_DefaultOverflowCallback                text64       002282
__end_of_TMR2_Initialize                             text7        001FFC
__end_of_TMR2_OverflowCallbackRegister               text8        0021F4
__end_of_TMR2_Start                                  text29       002272
__end_of_TMR2_Stop                                   text28       00226E
__end_of_Timers                                      text4        001ABE
__end_of_VSR                                         text3        001744
__end_of___awdiv                                     text57       0015CE
__end_of___awmod                                     text56       0017F4
__end_of__initialization                             cinit        0020E0
__end_of_abs                                         text55       001F36
__end_of_checkButtonS1                               text2        001DA0
__end_of_dtoa                                        text50       001226
__end_of_fputc                                       text53       00150A
__end_of_fputs                                       text52       001E76
__end_of_main                                        text0        001440
__end_of_nextLab                                     text1        00216A
__end_of_pad                                         text51       001B38
__end_of_printf                                      text47       0020C8
__end_of_putch                                       text54       00227C
__end_of_tmr0                                        smallconst   00105B
__end_of_tmr1                                        smallconst   00107F
__end_of_tmr2                                        smallconst   00106D
__end_of_vfpfcnvrt                                   text49       00135A
__end_of_vfprintf                                    text48       001D52
__initialization                                     cinit        0020C8
__mediumconst                                        mediumconst  000000
__pbssBANK0                                          bssBANK0     000060
__pbssCOMRAM                                         bssCOMRAM    00004C
__pcinit                                             cinit        0020C8
__pcstackCOMRAM                                      cstackCOMRAM 000001
__pintcode                                           intcode      000008
__psmallconst                                        smallconst   001000
__ptext0                                             text0        00135A
__ptext1                                             text1        00214E
__ptext10                                            text10       0021F4
__ptext11                                            text11       002202
__ptext12                                            text12       002052
__ptext13                                            text13       0021BA
__ptext14                                            text14       0015CE
__ptext15                                            text15       002260
__ptext16                                            text16       002266
__ptext17                                            text17       001DEC
__ptext18                                            text18       002210
__ptext19                                            text19       00221E
__ptext2                                             text2        001D52
__ptext20                                            text20       00222C
__ptext21                                            text21       001E76
__ptext22                                            text22       0020EA
__ptext23                                            text23       00210C
__ptext24                                            text24       0021A2
__ptext25                                            text25       001C02
__ptext26                                            text26       001B38
__ptext27                                            text27       001920
__ptext28                                            text28       00226A
__ptext29                                            text29       00226E
__ptext3                                             text3        00168C
__ptext30                                            text30       00216A
__ptext31                                            text31       002186
__ptext32                                            text32       001F6C
__ptext33                                            text33       001CAC
__ptext34                                            text34       00223A
__ptext35                                            text35       001EB6
__ptext36                                            text36       001890
__ptext37                                            text37       002256
__ptext38                                            text38       001DA0
__ptext39                                            text39       001FFC
__ptext4                                             text4        001A36
__ptext40                                            text40       0017F4
__ptext41                                            text41       002272
__ptext42                                            text42       002276
__ptext43                                            text43       002248
__ptext44                                            text44       00207A
__ptext45                                            text45       0021D0
__ptext46                                            text46       0019AC
__ptext47                                            text47       0020A2
__ptext48                                            text48       001D00
__ptext49                                            text49       001226
__ptext5                                             text5        001C58
__ptext50                                            text50       001092
__ptext51                                            text51       001ABE
__ptext52                                            text52       001E32
__ptext53                                            text53       001440
__ptext54                                            text54       00227A
__ptext55                                            text55       001EF6
__ptext56                                            text56       001744
__ptext57                                            text57       00150A
__ptext58                                            text58       001FA0
__ptext6                                             text6        002028
__ptext60                                            text60       001F36
__ptext61                                            text61       00227C
__ptext62                                            text62       00227E
__ptext63                                            text63       00212E
__ptext64                                            text64       002280
__ptext65                                            text65       002282
__ptext66                                            text66       000000
__ptext7                                             text7        001FD0
__ptext8                                             text8        0021E6
__ptext9                                             text9        001BAA
__ramtop                                             ramtop       001000
__smallconst                                         smallconst   001000
_abs                                                 text55       001EF6
_adcResult                                           bssCOMRAM    000057
_adcResult@EEPROM$F389                               bssCOMRAM    000052
_adcResult@PWM$F208                                  bssCOMRAM    00004C
_btnState                                            bssCOMRAM    00005A
_checkButtonS1                                       text2        001D52
_dbuf                                                bssBANK0     000086
_delay                                               bssCOMRAM    000056
_dtoa                                                text50       001092
_dtoa$2783                                           cstackCOMRAM 000022
_eusart1RxLastError                                  bssBANK0     000082
_flagCounter                                         bssCOMRAM    000059
_flags                                               bssCOMRAM    00004E
_fputc                                               text53       001440
_fputs                                               text52       001E32
_labNumber                                           bssCOMRAM    00005D
_labState                                            bssCOMRAM    00005B
_ledDisplay                                          bssCOMRAM    000051
_main                                                text0        00135A
_nextLab                                             text1        00214E
_pad                                                 text51       001ABE
_prec                                                bssBANK0     000080
_printf                                              text47       0020A2
_putch                                               text54       00227A
_rotateReg                                           bssCOMRAM    000058
_rotateReg@Interrupt$F303                            bssCOMRAM    000053
_rotateReg@Timers$F236                               bssCOMRAM    000054
_rotateReg@VSR$F162                                  bssCOMRAM    000055
_switchEvent                                         bssCOMRAM    00005C
_timer1ReloadVal                                     bssBANK0     000084
_tmr0                                                smallconst   001049
_tmr1                                                smallconst   00106D
_tmr2                                                smallconst   00105B
_unlockKeyHigh                                       bssCOMRAM    00004F
_unlockKeyLow                                        bssCOMRAM    000050
_vfpfcnvrt                                           text49       001226
_vfprintf                                            text48       001D00
_width                                               bssBANK0     00007E
abs@a                                                cstackCOMRAM 000009
btemp                                                temp         00005E
dtoa@d                                               cstackCOMRAM 000020
dtoa@fp                                              cstackCOMRAM 00001E
dtoa@i                                               cstackCOMRAM 000028
dtoa@p                                               cstackCOMRAM 000024
dtoa@s                                               cstackCOMRAM 00002A
dtoa@w                                               cstackCOMRAM 000026
end_of_initialization                                cinit        0020E0
fputc@c                                              cstackCOMRAM 000003
fputc@fp                                             cstackCOMRAM 000005
fputs@c                                              cstackCOMRAM 000010
fputs@fp                                             cstackCOMRAM 00000E
fputs@i                                              cstackCOMRAM 000011
fputs@s                                              cstackCOMRAM 00000C
int$flags                                            temp         00005E
intlevel0                                            text         000000
intlevel1                                            text         000000
intlevel2                                            text         000000
intlevel3                                            text         000000
isa$std                                              (abs)        000001
isa$xinst                                            (abs)        000000
pad@buf                                              cstackCOMRAM 000015
pad@fp                                               cstackCOMRAM 000013
pad@i                                                cstackCOMRAM 00001A
pad@p                                                cstackCOMRAM 000017
pad@w                                                cstackCOMRAM 00001C
printf@ap                                            cstackCOMRAM 000045
printf@fmt                                           cstackCOMRAM 000041
stackhi                                              (abs)        000000
stacklo                                              (abs)        000000
start                                                init         000076
start_initialization                                 cinit        0020C8
ttemp5                                               temp         00005F
ttemp6                                               temp         000062
ttemp7                                               temp         000066
vfpfcnvrt@ap                                         cstackCOMRAM 00002F
vfpfcnvrt@convarg                                    cstackCOMRAM 000033
vfpfcnvrt@cp                                         cstackCOMRAM 000037
vfpfcnvrt@fmt                                        cstackCOMRAM 00002D
vfpfcnvrt@fp                                         cstackCOMRAM 00002B
vfprintf@ap                                          cstackCOMRAM 00003D
vfprintf@cfmt                                        cstackCOMRAM 00003F
vfprintf@fmt                                         cstackCOMRAM 00003B
vfprintf@fp                                          cstackCOMRAM 000039
wtemp8                                               temp         00005F


MODULE INFORMATION

Module		Function		Class		Link	Load	Size
C:\Program Files\Microchip\xc8\v2.41\pic\sources\c99\common\awmod.c
		___awmod       		CODE           	1744	0000	176

C:\Program Files\Microchip\xc8\v2.41\pic\sources\c99\common\awmod.c estimated size: 176

Labs/Lab06_PulseWidthModulation/PWM.c
		_PWM_Output_D5_Disable		CODE           	2186	0000	28
		_PWM           		CODE           	1920	0000	140
		_PWM_Output_D5_Enable		CODE           	216A	0000	28

Labs/Lab06_PulseWidthModulation/PWM.c estimated size: 196

Labs/Lab10_EEPROM/EEPROM.c
		_EEPROM        		CODE           	1890	0000	144

Labs/Lab10_EEPROM/EEPROM.c estimated size: 144

Labs/Lab05_VariableSpeedRotate/VSR.c
		_VSR           		CODE           	168C	0000	184

Labs/Lab05_VariableSpeedRotate/VSR.c estimated size: 184

Labs/Lab08_Interrupts/Interrupt.c
		_Interrupt     		CODE           	1CAC	0000	84
		_LAB_ISR       		CODE           	212E	0000	32

Labs/Lab08_Interrupts/Interrupt.c estimated size: 116

Labs/Lab02_Blink/Blink.c
		_Blink         		CODE           	17F4	0000	156

Labs/Lab02_Blink/Blink.c estimated size: 156

Labs/Lab09_SleepWakeup/SleepWakeUp.c
		_SleepWakeUp   		CODE           	1C58	0000	84

Labs/Lab09_SleepWakeup/SleepWakeUp.c estimated size: 84

C:\Program Files\Microchip\xc8\v2.41\pic\sources\c99\common\nf_fputc.c
		_fputc         		CODE           	1440	0000	202

C:\Program Files\Microchip\xc8\v2.41\pic\sources\c99\common\nf_fputc.c estimated size: 202

mcc_generated_files/timer/src/tmr1.c
		_TMR1_Initialize		CODE           	1BAA	0000	88
		_TMR1_Stop     		CODE           	2272	0000	4
		_TMR1_Write    		CODE           	207A	0000	40
		_TMR1_Start    		CODE           	2276	0000	4
		_TMR1_OverflowCallbackRegister		CODE           	21F4	0000	14
		_TMR1_Reload   		CODE           	2248	0000	14
		_TMR1_DefaultOverflowCallback		CODE           	227E	0000	2
		_TMR1_GateCallbackRegister		CODE           	2202	0000	14
		_TMR1_HasOverflowOccured		CODE           	21D0	0000	22

mcc_generated_files/timer/src/tmr1.c estimated size: 202

mcc_generated_files/system/src/interrupt.c
		_INT0_SetInterruptHandler		CODE           	222C	0000	14
		_INT1_SetInterruptHandler		CODE           	221E	0000	14
		_INT2_SetInterruptHandler		CODE           	2210	0000	14
		_INTERRUPT_Initialize		CODE           	1DEC	0000	70
		_INTERRUPT_InterruptManager		CODE           	0008	0000	110

mcc_generated_files/system/src/interrupt.c estimated size: 222

C:\Program Files\Microchip\xc8\v2.41\pic\sources\c99\common\awdiv.c
		___awdiv       		CODE           	150A	0000	196

C:\Program Files\Microchip\xc8\v2.41\pic\sources\c99\common\awdiv.c estimated size: 196

mcc_generated_files/adc/src/adcc.c
		_ADCC_GetSingleConversion		CODE           	1FA0	0000	48
		_ADCC_Initialize		CODE           	1C02	0000	86

mcc_generated_files/adc/src/adcc.c estimated size: 134

Labs/Lab01_HelloWorld/HelloWorld.c
		_HelloWorld    		CODE           	1EB6	0000	64

Labs/Lab01_HelloWorld/HelloWorld.c estimated size: 64

C:\Program Files\Microchip\xc8\v2.41\pic\sources\c99\common\abs.c
		_abs           		CODE           	1EF6	0000	64

C:\Program Files\Microchip\xc8\v2.41\pic\sources\c99\common\abs.c estimated size: 64

C:\Program Files\Microchip\xc8\v2.41\pic\sources\c99\common\doprnt.c
		_vfpfcnvrt     		CODE           	1226	0000	308
		_pad           		CODE           	1ABE	0000	122
		_dtoa          		CODE           	1092	0000	404
		_vfprintf      		CODE           	1D00	0000	82

C:\Program Files\Microchip\xc8\v2.41\pic\sources\c99\common\doprnt.c estimated size: 916

mcc_generated_files/nvm/src/nvm.c
		_NVM_UnlockKeySet		CODE           	2256	0000	10
		_NVM_Initialize		CODE           	2260	0000	6
		_EEPROM_Read   		CODE           	1FFC	0000	44
		_EEPROM_Write  		CODE           	1DA0	0000	76
		_NVM_StatusClear		CODE           	2266	0000	4

mcc_generated_files/nvm/src/nvm.c estimated size: 140

Labs/Lab03_Rotate/Rotate.c
		_Rotate        		CODE           	1B38	0000	114

Labs/Lab03_Rotate/Rotate.c estimated size: 114

mcc_generated_files/pwm/src/pwm3.c
		_PWM3_Initialize		CODE           	21BA	0000	22
		_PWM3_LoadDutyValue		CODE           	1F6C	0000	52

mcc_generated_files/pwm/src/pwm3.c estimated size: 74

mcc_generated_files/system/src/pins.c
		_PIN_MANAGER_Initialize		CODE           	15CE	0000	190
		_PIN_MANAGER_IOC		CODE           	2282	0000	2

mcc_generated_files/system/src/pins.c estimated size: 192

shared
		__initialization		CODE           	20C8	0000	24
		_EUSART1       		SMALLCONST     	1001	0000	72
		_tmr0          		SMALLCONST     	1049	0000	18
		_tmr1          		SMALLCONST     	106D	0000	18
		_tmr2          		SMALLCONST     	105B	0000	18

shared estimated size: 150

Labs/Lab04_AnalogToDigitalConversion/ADC.c
		_ADC           		CODE           	19AC	0000	138

Labs/Lab04_AnalogToDigitalConversion/ADC.c estimated size: 138

C:\Program Files\Microchip\xc8\v2.41\pic\sources\c99\common\putch.c
		_putch         		CODE           	227A	0000	2

C:\Program Files\Microchip\xc8\v2.41\pic\sources\c99\common\putch.c estimated size: 2

mcc_generated_files/timer/src/tmr2.c
		_TMR2_Initialize		CODE           	1FD0	0000	44
		_TMR2_Stop     		CODE           	226A	0000	4
		_TMR2_Start    		CODE           	226E	0000	4
		_TMR2_OverflowCallbackRegister		CODE           	21E6	0000	14
		_TMR2_DefaultOverflowCallback		CODE           	2280	0000	2

mcc_generated_files/timer/src/tmr2.c estimated size: 68

C:\Program Files\Microchip\xc8\v2.41\pic\sources\c99\common\nf_fputs.c
		_fputs         		CODE           	1E32	0000	68

C:\Program Files\Microchip\xc8\v2.41\pic\sources\c99\common\nf_fputs.c estimated size: 68

mcc_generated_files/system/src/clock.c
		_CLOCK_Initialize		CODE           	21A2	0000	24

mcc_generated_files/system/src/clock.c estimated size: 24

mcc_generated_files/timer/src/tmr0.c
		_TMR0_OverflowCallbackRegister		CODE           	223A	0000	14
		_TMR0_DefaultOverflowCallback		CODE           	227C	0000	2
		_TMR0_OverflowISR		CODE           	1F36	0000	54
		_TMR0_Initialize		CODE           	2052	0000	40

mcc_generated_files/timer/src/tmr0.c estimated size: 110

Labs/Lab07_Timers/Timers.c
		_Timers        		CODE           	1A36	0000	136

Labs/Lab07_Timers/Timers.c estimated size: 136

main.c
		_main          		CODE           	135A	0000	230
		_nextLab       		CODE           	214E	0000	28
		_checkButtonS1 		CODE           	1D52	0000	78

main.c estimated size: 336

mcc_generated_files/uart/src/eusart1.c
		_EUSART1_Initialize		CODE           	1E76	0000	64
		_EUSART1_FramingErrorCallbackRegister		CODE           	210C	0000	34
		_EUSART1_OverrunErrorCallbackRegister		CODE           	20EA	0000	34

mcc_generated_files/uart/src/eusart1.c estimated size: 132

C:\Program Files\Microchip\xc8\v2.41\pic\sources\c99\common\printf.c
		_printf        		CODE           	20A2	0000	38

C:\Program Files\Microchip\xc8\v2.41\pic\sources\c99\common\printf.c estimated size: 38

mcc_generated_files/system/src/system.c
		_SYSTEM_Initialize		CODE           	2028	0000	42

mcc_generated_files/system/src/system.c estimated size: 42

